
> react-example@0.0.0 build
> vite build

[36mvite v6.4.3 [32mbuilding for production...[36m[39m
transforming...
[32mΓ£ô[39m 17 modules transformed.
node.exe : [31mΓ£ù[39m Build failed in 857ms
At line:1 char:1
+ & "C:\Program Files\nodejs/node.exe" "C:\Program Files\nodejs/node_mo ...
+ ~~~~~~~~~~~~~~~~~~~~~~~~~~~~~~~~~~~~~~~~~~~~~~~~~~~~~~~~~~~~~~~~~~~~~
    + CategoryInfo          : NotSpecified: ([31mΓ£ù[39m Build failed in 857ms:String) [], RemoteException
    + FullyQualifiedErrorId : NativeCommandError
 
[31merror during build:
[31m[vite:esbuild] Transform failed with 3 errors:
C:/Users/WEALTH/Desktop/LEAD GLOBAL/src/components/Privacypolicy.tsx:96:14: ERROR: Unexpected closing "a" tag 
does not match opening "p" tag
C:/Users/WEALTH/Desktop/LEAD GLOBAL/src/components/Privacypolicy.tsx:97:12: ERROR: Unexpected closing "p" tag 
does not match opening "div" tag
C:/Users/WEALTH/Desktop/LEAD GLOBAL/src/components/Privacypolicy.tsx:104:10: ERROR: Unterminated regular 
expression[31m
file: [36mC:/Users/WEALTH/Desktop/LEAD GLOBAL/src/components/Privacypolicy.tsx:96:14[31m
[33m
[33mUnexpected closing "a" tag does not match opening "p" tag[33m
94 |                support@leadglobal.online
95 |              </a>
96 |              </a>
   |                ^
97 |            </p>
98 |          </div>

[33mUnexpected closing "p" tag does not match opening "div" tag[33m
95 |              </a>
96 |              </a>
97 |            </p>
   |              ^
98 |          </div>
99 |  

[33mUnterminated regular expression[33m
102|          </p>
103|        </div>
104|      </div>
   |            ^
105|    );
106|  }
[31m
    at failureErrorWithLog (C:\Users\WEALTH\Desktop\LEAD GLOBAL\node_modules\esbuild\lib\main.js:1467:15)
    at C:\Users\WEALTH\Desktop\LEAD GLOBAL\node_modules\esbuild\lib\main.js:736:50
    at responseCallbacks.<computed> (C:\Users\WEALTH\Desktop\LEAD 
GLOBAL\node_modules\esbuild\lib\main.js:603:9)
    at handleIncomingPacket (C:\Users\WEALTH\Desktop\LEAD GLOBAL\node_modules\esbuild\lib\main.js:658:12)
    at Socket.readFromStdout (C:\Users\WEALTH\Desktop\LEAD GLOBAL\node_modules\esbuild\lib\main.js:581:7)
    at Socket.emit (node:events:508:28)
    at addChunk (node:internal/streams/readable:559:12)
    at readableAddChunkPushByteMode (node:internal/streams/readable:510:3)
    at Readable.push (node:internal/streams/readable:390:5)
    at Pipe.onStreamRead (node:internal/stream_base_commons:189:23)[39m
